// Jest Snapshot v1, https://goo.gl/fbAQLP

exports[`<Shop /> page should be render component 1`] = `
<div
  data-testid="shop-page"
/>
`;
