// Jest Snapshot v1, https://goo.gl/fbAQLP

exports[`<Wallet /> page should be render component 1`] = `
<div
  data-testid="wallet-page"
/>
`;
