// Jest Snapshot v1, https://goo.gl/fbAQLP

exports[`<Button /> should be render component 1`] = `
<button
  data-testid="button"
  type="button"
>
  test label
</button>
`;
